main.c:95:5:main	128	static
main.c:189:6:SystemClock_Config	88	static
main.c:233:13:MX_I2C1_Init	8	static
main.c:267:13:MX_SPI2_Init	8	static
main.c:305:13:MX_TIM1_Init	80	static
main.c:374:13:MX_TIM2_Init	64	static
main.c:441:13:MX_TIM3_Init	48	static
main.c:494:13:MX_USART1_UART_Init	8	static
main.c:527:13:MX_USART2_UART_Init	8	static
main.c:560:13:MX_GPIO_Init	48	static
main.c:624:6:StartGetSensor	16	static
main.c:651:6:StartControl	16	static
main.c:677:6:StartDisplayTask	16	static
main.c:701:6:StartServerTask	16	static
main.c:725:6:HAL_TIM_PeriodElapsedCallback	16	static
main.c:742:6:Error_Handler	4	static
